
> vytrixe@0.1.0 build
> next build

[Vytrixe Deployment Monitor] Next.js Initialization Started. Verifying environment configurations...
  Ôû▓ Next.js 14.2.15
  - Environments: .env.local

node.exe : 
En línea: 1 Carácter: 1
+ & "C:\Program Files\nodejs/node.exe" "C:\Program 
Files\nodejs/node_mo ...
+ ~~~~~~~~~~~~~~~~~~~~~~~~~~~~~~~~~~~~~~~~~~~~~~~~~~~~~~~~~~
~~~~~~~~~~~
    + CategoryInfo          : NotSpecified: (:String) [], R 
   emoteException
    + FullyQualifiedErrorId : NativeCommandError
 
> Build error occurred
Error: You cannot use different slug names for the same 
dynamic path ('category' !== 'slug').
    at handleSlug (C:\Users\georg\Desktop\TRENDNOVA\node_mod
ules\next\dist\shared\lib\router\utils\sorted-routes.js:94:3
1)
    at UrlNode._insert (C:\Users\georg\Desktop\TRENDNOVA\nod
e_modules\next\dist\shared\lib\router\utils\sorted-routes.js
:131:17)
    at UrlNode._insert (C:\Users\georg\Desktop\TRENDNOVA\nod
e_modules\next\dist\shared\lib\router\utils\sorted-routes.js
:142:40)
    at UrlNode.insert (C:\Users\georg\Desktop\TRENDNOVA\node
_modules\next\dist\shared\lib\router\utils\sorted-routes.js:
13:14)
    at C:\Users\georg\Desktop\TRENDNOVA\node_modules\next\di
st\shared\lib\router\utils\sorted-routes.js:165:46
    at Array.forEach (<anonymous>)
    at getSortedRoutes (C:\Users\georg\Desktop\TRENDNOVA\nod
e_modules\next\dist\shared\lib\router\utils\sorted-routes.js
:165:21)
    at C:\Users\georg\Desktop\TRENDNOVA\node_modules\next\di
st\build\index.js:621:65
    at Span.traceFn (C:\Users\georg\Desktop\TRENDNOVA\node_m
odules\next\dist\trace\trace.js:147:20)
    at C:\Users\georg\Desktop\TRENDNOVA\node_modules\next\di
st\build\index.js:620:89
