
> vytrixe@0.1.0 build
> next build

[Vytrixe Deployment Monitor] Next.js Initialization Started. Verifying environment configurations...
  Ôû▓ Next.js 14.2.15
  - Environments: .env.local

   Creating an optimized production build ...
[Vytrixe Deployment Monitor] Next.js Initialization Started. Verifying environment configurations...
[Vytrixe Deployment Monitor] Next.js Initialization Started. Verifying environment configurations...
[Vytrixe Deployment Monitor] Next.js Initialization Started. Verifying environment configurations...
 Ô£ô Compiled successfully
   Linting and checking validity of types ...
node.exe : Failed to compile.
En línea: 1 Carácter: 1
+ & "C:\Program Files\nodejs/node.exe" "C:\Program 
Files\nodejs/node_mo ...
+ ~~~~~~~~~~~~~~~~~~~~~~~~~~~~~~~~~~~~~~~~~~~~~~~~~~~~~~~~~~
~~~~~~~~~~~
    + CategoryInfo          : NotSpecified: (Failed to comp 
   ile.:String) [], RemoteException
    + FullyQualifiedErrorId : NativeCommandError
 

./scripts/detect-and-draft.ts:47:17
Type error: Type '{ [key: string]: any; } & Item' is not 
assignable to type 'null'.

[0m [90m 45 |[39m             [36mconst[39m title 
[33m=[39m item[33m.[39mtitle [33m||[39m 
[32m''[39m[33m;[39m[0m
[0m [90m 46 |[39m             [36mif[39m 
(aiKeywords[33m.[39msome(kw [33m=>[39m title[33m.[39mt
oLowerCase()[33m.[39mincludes(kw[33m.[39mtoLowerCase()))
) {[0m
[0m[31m[1m>[22m[39m[90m 47 |[39m                 
selectedTrend [33m=[39m item[33m;[39m[0m
[0m [90m    |[39m                 
[31m[1m^[22m[39m[0m
[0m [90m 48 |[39m                 
[36mbreak[39m[33m;[39m[0m
[0m [90m 49 |[39m             }[0m
[0m [90m 50 |[39m         }[0m
